// Jest Snapshot v1, https://goo.gl/fbAQLP

exports[`render Detail successfully 1`] = `
<View
  style={
    Object {
      "alignItems": "center",
      "justifyContent": "center",
      "width": "100%",
    }
  }
>
  <RCTScrollView>
    <View>
      <View
        style={
          Object {
            "alignContent": "center",
            "alignItems": "center",
            "flexDirection": "row",
            "padding": 10,
          }
        }
      >
        <Image
          source={
            Object {
              "uri": "",
            }
          }
          style={
            Object {
              "borderRadius": 100,
              "height": 60,
              "width": 60,
            }
          }
        />
        <Text
          accessible={true}
          allowFontScaling={true}
          ellipsizeMode="tail"
          style={
            Object {
              "color": "#000",
              "fontWeight": "bold",
              "marginLeft": 10,
            }
          }
        />
      </View>
      <Image
        source={
          Object {
            "uri": "",
          }
        }
        style={
          Object {
            "height": 400,
            "width": 400,
          }
        }
      />
      <View
        style={
          Object {
            "marginBottom": 20,
            "paddingLeft": 15,
            "paddingTop": 15,
          }
        }
      >
        <Text
          accessible={true}
          allowFontScaling={true}
          ellipsizeMode="tail"
          style={
            Object {
              "fontSize": 20,
              "fontWeight": "bold",
              "marginBottom": 10,
            }
          }
        />
        <View
          style={
            Object {
              "flexDirection": "row",
              "justifyContent": "space-around",
              "marginBottom": 10,
            }
          }
        >
          <View
            style={
              Object {
                "flex": 1,
                "flexDirection": "row",
              }
            }
          >
            <View
              style={
                Object {
                  "alignItems": "center",
                  "flex": 1,
                  "flexDirection": "row",
                }
              }
            >
              <Text
                accessible={true}
                allowFontScaling={false}
                ellipsizeMode="tail"
                style={
                  Array [
                    Object {
                      "color": undefined,
                      "fontSize": 12,
                    },
                    Object {
                      "color": "red",
                      "fontSize": 30,
                    },
                    Object {
                      "fontFamily": "Ionicons",
                      "fontStyle": "normal",
                      "fontWeight": "normal",
                    },
                  ]
                }
                virtual={undefined}
              >
                
              </Text>
              <Text
                accessible={true}
                allowFontScaling={true}
                ellipsizeMode="tail"
                style={
                  Object {
                    "marginLeft": 10,
                  }
                }
              >
                0
              </Text>
            </View>
            <View
              style={
                Object {
                  "alignItems": "center",
                  "flex": 1,
                  "flexDirection": "row",
                }
              }
            >
              <Text
                accessible={true}
                allowFontScaling={false}
                ellipsizeMode="tail"
                style={
                  Array [
                    Object {
                      "color": undefined,
                      "fontSize": 12,
                    },
                    Object {
                      "color": "#000",
                      "fontSize": 30,
                    },
                    Object {
                      "fontFamily": "Ionicons",
                      "fontStyle": "normal",
                      "fontWeight": "normal",
                    },
                  ]
                }
                virtual={undefined}
              >
                
              </Text>
              <Text
                accessible={true}
                allowFontScaling={true}
                ellipsizeMode="tail"
                style={
                  Object {
                    "marginLeft": 10,
                  }
                }
              >
                0
              </Text>
            </View>
          </View>
        </View>
        <Text
          accessible={true}
          allowFontScaling={true}
          ellipsizeMode="tail"
        >
          Camera: 
          
        </Text>
        <Text
          accessible={true}
          allowFontScaling={true}
          ellipsizeMode="tail"
        >
          ISO: 
          
        </Text>
        <Text
          accessible={true}
          allowFontScaling={true}
          ellipsizeMode="tail"
        >
          Focal Length: 
          0
        </Text>
        <Text
          accessible={true}
          allowFontScaling={true}
          ellipsizeMode="tail"
        >
          Aperture: 
          0
        </Text>
        <Text
          accessible={true}
          allowFontScaling={true}
          ellipsizeMode="tail"
        >
          Shutter Speed: 
          0
        </Text>
      </View>
    </View>
  </RCTScrollView>
</View>
`;
